// Jest Snapshot v1, https://goo.gl/fbAQLP

exports[`renders correctly 1`] = `
Array [
  Object {
    "children": null,
    "props": Object {},
    "type": "h6",
  },
  Object {
    "children": Array [
      Object {
        "children": Array [
          "
",
        ],
        "props": Object {
          "style": Object {
            "fontSize": "12px",
          },
        },
        "type": "span",
      },
    ],
    "props": Object {},
    "type": "p",
  },
  Object {
    "children": null,
    "props": Object {},
    "type": "h6",
  },
  Object {
    "children": Array [
      Object {
        "children": Array [
          Object {
            "children": Array [
              Object {
                "children": Array [
                  Object {
                    "children": Array [
                      "First
",
                    ],
                    "props": Object {
                      "style": Object {
                        "fontSize": "12px",
                      },
                    },
                    "type": "span",
                  },
                ],
                "props": Object {},
                "type": "p",
              },
            ],
            "props": Object {
              "colspan": "1",
              "rowspan": "1",
              "style": Object {
                "borderCollapse": "collapse",
              },
            },
            "type": "td",
          },
          Object {
            "children": Array [
              Object {
                "children": Array [
                  Object {
                    "children": Array [
                      "Second
",
                    ],
                    "props": Object {
                      "style": Object {
                        "fontSize": "12px",
                      },
                    },
                    "type": "span",
                  },
                ],
                "props": Object {},
                "type": "p",
              },
            ],
            "props": Object {
              "colspan": "1",
              "rowspan": "1",
              "style": Object {
                "borderCollapse": "collapse",
              },
            },
            "type": "td",
          },
        ],
        "props": Object {},
        "type": "tr",
      },
      Object {
        "children": Array [
          Object {
            "children": Array [
              Object {
                "children": Array [
                  Object {
                    "children": Array [
                      "Third
",
                    ],
                    "props": Object {
                      "style": Object {
                        "fontSize": "12px",
                      },
                    },
                    "type": "span",
                  },
                ],
                "props": Object {},
                "type": "p",
              },
            ],
            "props": Object {
              "colspan": "1",
              "rowspan": "1",
              "style": Object {
                "borderCollapse": "collapse",
              },
            },
            "type": "td",
          },
          Object {
            "children": Array [
              Object {
                "children": Array [
                  Object {
                    "children": Array [
                      "Fourth
",
                    ],
                    "props": Object {
                      "style": Object {
                        "fontSize": "12px",
                      },
                    },
                    "type": "span",
                  },
                ],
                "props": Object {},
                "type": "p",
              },
            ],
            "props": Object {
              "colspan": "1",
              "rowspan": "1",
              "style": Object {
                "borderCollapse": "collapse",
              },
            },
            "type": "td",
          },
        ],
        "props": Object {},
        "type": "tr",
      },
    ],
    "props": Object {
      "style": Object {
        "borderCollapse": "collapse",
      },
    },
    "type": "table",
  },
  Object {
    "children": Array [
      Object {
        "children": Array [
          "
",
        ],
        "props": Object {
          "style": Object {
            "fontSize": "12px",
          },
        },
        "type": "span",
      },
    ],
    "props": Object {},
    "type": "p",
  },
  Object {
    "children": Array [
      Object {
        "children": Array [
          "
",
        ],
        "props": Object {
          "style": Object {
            "fontSize": "12px",
          },
        },
        "type": "span",
      },
    ],
    "props": Object {},
    "type": "p",
  },
]
`;
