// Jest Snapshot v1, https://goo.gl/fbAQLP

exports[`renders correctly 1`] = `
Array [
  Object {
    "children": null,
    "props": Object {},
    "type": "h6",
  },
  Object {
    "children": Array [
      Object {
        "children": Array [
          "List
",
        ],
        "props": Object {
          "style": Object {
            "fontSize": "12px",
          },
        },
        "type": "span",
      },
    ],
    "props": Object {},
    "type": "p",
  },
  Object {
    "children": Array [
      Object {
        "children": Array [
          Object {
            "children": Array [
              "First Item
",
            ],
            "props": Object {
              "style": Object {
                "fontSize": "12px",
              },
            },
            "type": "span",
          },
        ],
        "props": Object {},
        "type": "li",
      },
      Object {
        "children": Array [
          Object {
            "children": Array [
              "Second Item
",
            ],
            "props": Object {
              "style": Object {
                "fontSize": "12px",
              },
            },
            "type": "span",
          },
        ],
        "props": Object {},
        "type": "li",
      },
    ],
    "props": Object {},
    "type": "ol",
  },
  Object {
    "children": Array [
      Object {
        "children": Array [
          "
",
        ],
        "props": Object {
          "style": Object {
            "fontSize": "12px",
          },
        },
        "type": "span",
      },
    ],
    "props": Object {},
    "type": "p",
  },
]
`;
