// Jest Snapshot v1, https://goo.gl/fbAQLP

exports[`renders correctly 1`] = `
Object {
  "children": Array [
    Object {
      "children": Array [
        "Google",
      ],
      "props": Object {
        "style": Object {
          "textDecoration": "underline",
        },
      },
      "type": "span",
    },
  ],
  "props": Object {
    "href": "https://www.google.com/",
  },
  "type": "a",
}
`;
